Microsoft Windows [Version 10.0.19045.2673]
(c) Microsoft Corporation. All rights reserved.

E:\Project\1>git status
fatal: not a git repository (or any of the parent directories): .git

E:\Project\1>git remote add origin https://github.com/suvrajeet01/test-repo.git
fatal: not a git repository (or any of the parent directories): .git

E:\Project\1>git init
Initialized empty Git repository in E:/Project/1/.git/

E:\Project\1>git remote add origin https://github.com/suvrajeet01/test-repo.git

E:\Project\1>git branch -M trunk

E:\Project\1>git push -u origin trunk
error: src refspec trunk does not match any
error: failed to push some refs to 'https://github.com/suvrajeet01/test-repo.git'

E:\Project\1>git status
On branch trunk

No commits yet

Untracked files:
  (use "git add <file>..." to include in what will be committed)
        test-folder/

nothing added to commit but untracked files present (use "git add" to track)

E:\Project\1>git add .

E:\Project\1>git status
On branch trunk

No commits yet

Changes to be committed:
  (use "git rm --cached <file>..." to unstage)
        new file:   test-folder/test-file.txt


E:\Project\1>git commit test-folder/test-file.txt -m "test-commit"
[trunk (root-commit) fed745c] test-commit
 1 file changed, 8 insertions(+)
 create mode 100644 test-folder/test-file.txt

E:\Project\1>git status
On branch trunk
nothing to commit, working tree clean

E:\Project\1>git push -u origin trunk
To https://github.com/suvrajeet01/test-repo.git
 ! [rejected]        trunk -> trunk (fetch first)
error: failed to push some refs to 'https://github.com/suvrajeet01/test-repo.git'
hint: Updates were rejected because the remote contains work that you do
hint: not have locally. This is usually caused by another repository pushing
hint: to the same ref. You may want to first integrate the remote changes
hint: (e.g., 'git pull ...') before pushing again.
hint: See the 'Note about fast-forwards' in 'git push --help' for details.

E:\Project\1>git status
On branch trunk
nothing to commit, working tree clean

E:\Project\1>git branch -M trunk

E:\Project\1>git push -u origin trunk
To https://github.com/suvrajeet01/test-repo.git
 ! [rejected]        trunk -> trunk (fetch first)
error: failed to push some refs to 'https://github.com/suvrajeet01/test-repo.git'
hint: Updates were rejected because the remote contains work that you do
hint: not have locally. This is usually caused by another repository pushing
hint: to the same ref. You may want to first integrate the remote changes
hint: (e.g., 'git pull ...') before pushing again.
hint: See the 'Note about fast-forwards' in 'git push --help' for details.

E:\Project\1>




